base.sha=ae6f334eca78cbaa254bfb3afc65e3c31130153d
toolchain.rustc=rustc 1.89.0-nightly (be19eda0d 2025-06-22)
z3.full_version=4.15.4.0
z3.smt.random_seed=0
z3.sat.random_seed=0
case=source_drop/from_program
accepted=true
stats.repair=mode_a
stats.rounds=2
stats.commits_conflict=1
stats.commits_per_round=[1, 0]
stats.dropped_sources=1
stats.dropped_sinks=0
stats.field_conflict_decline=-
stats.cap_exhausted=false
dropped_selectors=source:0
model.leak::_0@d0=Raw
model.leak::_0@d1=Raw
model.leak::_1@d0=Raw
end_case
case=source_drop/all_mut
accepted=true
stats.repair=mode_a
stats.rounds=2
stats.commits_conflict=1
stats.commits_per_round=[1, 0]
stats.dropped_sources=1
stats.dropped_sinks=0
stats.field_conflict_decline=-
stats.cap_exhausted=false
dropped_selectors=source:0
model.leak::_0@d0=Raw
model.leak::_0@d1=Raw
model.leak::_1@d0=Raw
end_case
case=sink_drop/from_program
accepted=true
stats.repair=mode_a
stats.rounds=2
stats.commits_conflict=3
stats.commits_per_round=[3, 0]
stats.dropped_sources=0
stats.dropped_sinks=2
stats.field_conflict_decline=-
stats.cap_exhausted=false
dropped_selectors=sink:0,sink:1
model.delete_node::_0@d0=Raw
model.delete_node::_12@d0=Ref
model.delete_node::_13@d0=Raw
model.delete_node::_19@d0=Ref
model.delete_node::_1@d0=Raw
model.delete_node::_20@d0=Raw
model.delete_node::_23@d0=Raw
model.delete_node::_25@d0=Raw
model.delete_node::_27@d0=Ref
model.delete_node::_28@d0=Raw
model.delete_node::_30@d0=Raw
model.delete_node::_32@d0=Raw
model.delete_node::_34@d0=Ref
model.delete_node::_35@d0=Raw
model.delete_node::_36@d0=Raw
model.delete_node::_38@d0=Ref
model.delete_node::_39@d0=Raw
model.delete_node::_5@d0=Raw
model.node::field1@d0=Raw
model.node::field2@d0=Raw
end_case
case=sink_drop/all_mut
accepted=true
stats.repair=mode_a
stats.rounds=2
stats.commits_conflict=3
stats.commits_per_round=[3, 0]
stats.dropped_sources=0
stats.dropped_sinks=2
stats.field_conflict_decline=-
stats.cap_exhausted=false
dropped_selectors=sink:0,sink:1
model.delete_node::_0@d0=Raw
model.delete_node::_12@d0=Ref
model.delete_node::_13@d0=Raw
model.delete_node::_19@d0=Ref
model.delete_node::_1@d0=Raw
model.delete_node::_20@d0=Raw
model.delete_node::_23@d0=Raw
model.delete_node::_25@d0=Raw
model.delete_node::_27@d0=Ref
model.delete_node::_28@d0=Raw
model.delete_node::_30@d0=Raw
model.delete_node::_32@d0=Raw
model.delete_node::_34@d0=Ref
model.delete_node::_35@d0=Raw
model.delete_node::_36@d0=Raw
model.delete_node::_38@d0=Ref
model.delete_node::_39@d0=Raw
model.delete_node::_5@d0=Raw
model.node::field1@d0=Raw
model.node::field2@d0=Raw
end_case
rewrite.source_drop.bytemuck=None
